// Jest Snapshot v1, https://goo.gl/fbAQLP

exports[`EventReceiver should render correctly 1`] = `
<DocumentFragment>
  <svg>
    <g
      class="g-event-receiver"
    >
      <rect
        class="chart-it event-receiver"
        height="330"
        style="fill: none; pointer-events: all;"
        transform="translate(10, 30)"
        width="770"
      />
    </g>
  </svg>
</DocumentFragment>
`;

exports[`EventReceiver should skip if there is no layer avaliable 1`] = `
{
  "current": null,
}
`;
