// Jest Snapshot v1, https://goo.gl/fbAQLP

exports[`Tooltip should render correctly 1`] = `
<DocumentFragment>
  <div
    class="chart-it tooltip"
    style="border: thin solid red; display: inline-block; position: absolute; left: 10px; right: 20px; top: 30px; bottom: 40px;"
  >
    <div
      class="chart-it tooltip-item"
    >
      <div
        class="chart-it indicator-circle"
        style="background: blue;"
      />
      <div
        class="chart-it tooltip-values"
      >
        <span
          class="chart-it tooltip-series-name"
        >
          a:
        </span>
        <span
          class="chart-it tooltip-series-value"
        >
          3
        </span>
      </div>
    </div>
    <div
      class="chart-it tooltip-item"
    >
      <div
        class="chart-it indicator-square"
        style="background: orange;"
      />
      <div
        class="chart-it tooltip-values"
      >
        <span
          class="chart-it tooltip-series-name"
        >
          b:
        </span>
        <span
          class="chart-it tooltip-series-value"
        >
          8
        </span>
      </div>
    </div>
    <div
      class="chart-it tooltip-item"
    >
      <div
        class="chart-it indicator-line"
        style="background: green;"
      />
      <div
        class="chart-it tooltip-values"
      >
        <span
          class="chart-it tooltip-series-name"
        >
          c:
        </span>
        <span
          class="chart-it tooltip-series-value"
        >
          15
        </span>
      </div>
    </div>
  </div>
</DocumentFragment>
`;

exports[`Tooltip should render nothing if there are no items 1`] = `<DocumentFragment />`;
