// Jest Snapshot v1, https://goo.gl/fbAQLP

exports[`RectangleClipPath renders correctly 1`] = `
<DocumentFragment>
  <svg>
    <defs>
      <clippath
        id="clip-path-test"
      >
        <rect
          height="400"
          width="800"
          x="0"
          y="0"
        />
      </clippath>
    </defs>
    <circle
      clip-path="url(#clip-path-test)"
      cx="0"
      cy="0"
      fill="red"
      r="100"
    />
  </svg>
</DocumentFragment>
`;
