// Jest Snapshot v1, https://goo.gl/fbAQLP

exports[`Legend should render correctly 1`] = `
<DocumentFragment>
  <div
    class="d3-chart legend"
    style="border: thin solid #ccc; display: flex; flex-direction: column; flex-wrap: wrap; position: absolute; left: 10px; right: 20px; top: 30px; bottom: 40px; padding: 8px; background: rgb(255, 255, 255); opacity: 1; overflow: hidden;"
  >
    <div
      class="d3-chart legend-item"
      style="display: flex; flex-direction: row; user-select: none; pointer-events: none; color: rgb(0, 0, 0); font-size: 12px; font-family: sans-serif;"
    >
      <div
        class="d3-chart indicator-circle"
        style="background: blue; width: 10px; height: 10px; margin-top: 4px; margin-left: 5px; margin-right: 5px; border-radius: 50%; flex-shrink: 0;"
      />
      <div
        class="d3-chart legend-values"
        style="display: flex; flex-direction: row; justify-content: space-between; width: 100%; flex-grow: 1; flex-shrink: 1;"
      >
        <span
          class="d3-chart legend-series-name"
          style="margin-right: 15px; white-space: nowrap; overflow: hidden; text-overflow: ellipsis; flex-grow: 1; flex-shrink: 1;"
        >
          a
        </span>
      </div>
    </div>
    <div
      class="d3-chart legend-item"
      style="display: flex; flex-direction: row; user-select: none; pointer-events: none; color: rgb(0, 0, 0); font-size: 12px; font-family: sans-serif;"
    >
      <div
        class="d3-chart indicator-square"
        style="background: orange; height: 10px; width: 10px; margin-top: 4px; margin-right: 5px; margin-left: 5px; flex-shrink: 0;"
      />
      <div
        class="d3-chart legend-values"
        style="display: flex; flex-direction: row; justify-content: space-between; width: 100%; flex-grow: 1; flex-shrink: 1;"
      >
        <span
          class="d3-chart legend-series-name"
          style="margin-right: 15px; white-space: nowrap; overflow: hidden; text-overflow: ellipsis; flex-grow: 1; flex-shrink: 1;"
        >
          b
        </span>
      </div>
    </div>
    <div
      class="d3-chart legend-item"
      style="display: flex; flex-direction: row; user-select: none; pointer-events: none; color: rgb(0, 0, 0); font-size: 12px; font-family: sans-serif;"
    >
      <div
        class="d3-chart indicator-line"
        style="background: green; width: 10px; height: 3px; margin-top: 7px; margin-left: 5px; margin-right: 5px; flex-shrink: 0;"
      />
      <div
        class="d3-chart legend-values"
        style="display: flex; flex-direction: row; justify-content: space-between; width: 100%; flex-grow: 1; flex-shrink: 1;"
      >
        <span
          class="d3-chart legend-series-name"
          style="margin-right: 15px; white-space: nowrap; overflow: hidden; text-overflow: ellipsis; flex-grow: 1; flex-shrink: 1;"
        >
          c
        </span>
      </div>
    </div>
  </div>
</DocumentFragment>
`;

exports[`Legend should render nothing if there are no items 1`] = `<DocumentFragment />`;
