// Jest Snapshot v1, https://goo.gl/fbAQLP

exports[`Background should render correctly 1`] = `<custom />`;
