// Jest Snapshot v1, https://goo.gl/fbAQLP

exports[`Tooltip should render correctly 1`] = `
<DocumentFragment>
  <div
    class="chart-it tooltip"
    style="border: thin solid red; display: inline-block; position: absolute; left: 10px; right: 20px; top: 30px; bottom: 40px; padding: 8px; max-width: 300px; background: rgb(255, 255, 255); opacity: 0.8;"
  >
    <div
      class="chart-it tooltip-item"
      style="display: flex; flex-direction: row; width: 100%; user-select: none; pointer-events: none; color: rgb(0, 0, 0); font-size: 12px; font-family: sans-serif;"
    >
      <div
        class="chart-it indicator-circle"
        style="background: blue; width: 10px; height: 10px; margin-top: 4px; margin-left: 5px; margin-right: 5px; border-radius: 50%; flex-shrink: 0;"
      />
      <div
        class="chart-it tooltip-values"
        style="display: flex; flex-direction: row; justify-content: space-between; width: 100%; flex-grow: 1; flex-shrink: 1;"
      >
        <span
          class="chart-it tooltip-series-name"
          style="margin-right: 15px; max-width: 215px; white-space: nowrap; overflow: hidden; text-overflow: ellipsis; flex-grow: 1; flex-shrink: 1;"
        >
          a:
        </span>
        <span
          class="chart-it tooltip-series-value"
        >
          3
        </span>
      </div>
    </div>
    <div
      class="chart-it tooltip-item"
      style="display: flex; flex-direction: row; width: 100%; user-select: none; pointer-events: none; color: rgb(0, 0, 0); font-size: 12px; font-family: sans-serif;"
    >
      <div
        class="chart-it indicator-square"
        style="background: orange; height: 10px; width: 10px; margin-top: 4px; margin-right: 5px; margin-left: 5px; flex-shrink: 0;"
      />
      <div
        class="chart-it tooltip-values"
        style="display: flex; flex-direction: row; justify-content: space-between; width: 100%; flex-grow: 1; flex-shrink: 1;"
      >
        <span
          class="chart-it tooltip-series-name"
          style="margin-right: 15px; max-width: 215px; white-space: nowrap; overflow: hidden; text-overflow: ellipsis; flex-grow: 1; flex-shrink: 1;"
        >
          b:
        </span>
        <span
          class="chart-it tooltip-series-value"
        >
          8
        </span>
      </div>
    </div>
    <div
      class="chart-it tooltip-item"
      style="display: flex; flex-direction: row; width: 100%; user-select: none; pointer-events: none; color: rgb(0, 0, 0); font-size: 12px; font-family: sans-serif;"
    >
      <div
        class="chart-it indicator-line"
        style="background: green; width: 10px; height: 3px; margin-top: 7px; margin-left: 5px; margin-right: 5px; flex-shrink: 0;"
      />
      <div
        class="chart-it tooltip-values"
        style="display: flex; flex-direction: row; justify-content: space-between; width: 100%; flex-grow: 1; flex-shrink: 1;"
      >
        <span
          class="chart-it tooltip-series-name"
          style="margin-right: 15px; max-width: 215px; white-space: nowrap; overflow: hidden; text-overflow: ellipsis; flex-grow: 1; flex-shrink: 1;"
        >
          c:
        </span>
        <span
          class="chart-it tooltip-series-value"
        >
          15
        </span>
      </div>
    </div>
  </div>
</DocumentFragment>
`;

exports[`Tooltip should render nothing if there are no items 1`] = `<DocumentFragment />`;
