// Jest Snapshot v1, https://goo.gl/fbAQLP

exports[`Tooltip should render correctly 1`] = `
<DocumentFragment>
  <div
    class="chart-it tooltip"
    style="border: thin solid red; display: inline-block; position: absolute; left: 10px; right: 20px; top: 30px; bottom: 40px; padding: 8px; max-width: 300px; background: rgb(255, 255, 255); opacity: 0.8;"
  >
    <div
      class="chart-it tooltip-item"
      style="display: flex; flex-direction: row; width: 100%; user-select: none; pointer-events: none;"
    >
      <div
        class="chart-it indicator-circle"
        style="background: blue; width: 10px; height: 10px; margin-top: 4px; margin-left: 5px; margin-right: 5px; border-radius: 50%;"
      />
      <div
        class="chart-it tooltip-values"
        style="display: flex; flex-direction: row; justify-content: space-between; width: 100%;"
      >
        <span
          class="chart-it tooltip-series-name"
          styles="[object Object]"
        >
          a:
        </span>
        <span
          class="chart-it tooltip-series-value"
        >
          3
        </span>
      </div>
    </div>
    <div
      class="chart-it tooltip-item"
      style="display: flex; flex-direction: row; width: 100%; user-select: none; pointer-events: none;"
    >
      <div
        class="chart-it indicator-square"
        style="background: orange; height: 10px; width: 10px; margin-top: 4px; margin-right: 5px; margin-left: 5px;"
      />
      <div
        class="chart-it tooltip-values"
        style="display: flex; flex-direction: row; justify-content: space-between; width: 100%;"
      >
        <span
          class="chart-it tooltip-series-name"
          styles="[object Object]"
        >
          b:
        </span>
        <span
          class="chart-it tooltip-series-value"
        >
          8
        </span>
      </div>
    </div>
    <div
      class="chart-it tooltip-item"
      style="display: flex; flex-direction: row; width: 100%; user-select: none; pointer-events: none;"
    >
      <div
        class="chart-it indicator-line"
        style="background: green; width: 10px; height: 3px; margin-top: 7px; margin-left: 5px; margin-right: 5px;"
      />
      <div
        class="chart-it tooltip-values"
        style="display: flex; flex-direction: row; justify-content: space-between; width: 100%;"
      >
        <span
          class="chart-it tooltip-series-name"
          styles="[object Object]"
        >
          c:
        </span>
        <span
          class="chart-it tooltip-series-value"
        >
          15
        </span>
      </div>
    </div>
  </div>
</DocumentFragment>
`;

exports[`Tooltip should render nothing if there are no items 1`] = `<DocumentFragment />`;
