// Jest Snapshot v1, https://goo.gl/fbAQLP

exports[`JsonChart should create empty template correctly 1`] = `
<DocumentFragment>
  <div
    style="display: inline-block;"
  >
    <svg
      class="chart-svg"
      height="500"
      style="background-color: rgb(255, 255, 255);"
      width="800"
    >
      <g
        class="g-event-receiver"
      >
        <rect
          class="chart-io event-receiver"
          height="440"
          style="fill: none; pointer-events: all;"
          transform="translate(30, 30)"
          width="740"
        />
      </g>
      <defs>
        <clippath
          id="clip-path-0000"
        >
          <rect
            height="440"
            width="740"
            x="30"
            y="30"
          />
        </clippath>
      </defs>
      <g
        class="g-axis"
      >
        <g
          transform="translate(0, 470)"
        >
          <g
            class="g-gridlines bottom"
            fill="none"
            font-family="sans-serif"
            font-size="10"
            style="color: rgb(211, 211, 211); stroke-opacity: 0.8; stroke-width: 1; pointer-events: none;"
            text-anchor="middle"
          >
            <g
              class="tick"
              opacity="0.000001"
              transform="translate(90.35646708138931,0)"
            >
              <line
                stroke="currentColor"
                y2="-440"
              />
              <text
                dy="0.71em"
                fill="currentColor"
                y="3"
              />
            </g>
            <g
              class="tick"
              opacity="0.000001"
              transform="translate(195.37201918092276,0)"
            >
              <line
                stroke="currentColor"
                y2="-440"
              />
              <text
                dy="0.71em"
                fill="currentColor"
                y="3"
              />
            </g>
            <g
              class="tick"
              opacity="0.000001"
              transform="translate(300.6752851218248,0)"
            >
              <line
                stroke="currentColor"
                y2="-440"
              />
              <text
                dy="0.71em"
                fill="currentColor"
                y="3"
              />
            </g>
            <g
              class="tick"
              opacity="0.000001"
              transform="translate(405.69083722135815,0)"
            >
              <line
                stroke="currentColor"
                y2="-440"
              />
              <text
                dy="0.71em"
                fill="currentColor"
                y="3"
              />
            </g>
            <g
              class="tick"
              opacity="0.000001"
              transform="translate(510.7063893208917,0)"
            >
              <line
                stroke="currentColor"
                y2="-440"
              />
              <text
                dy="0.71em"
                fill="currentColor"
                y="3"
              />
            </g>
            <g
              class="tick"
              opacity="0.000001"
              transform="translate(615.7219414204251,0)"
            >
              <line
                stroke="currentColor"
                y2="-440"
              />
              <text
                dy="0.71em"
                fill="currentColor"
                y="3"
              />
            </g>
            <g
              class="tick"
              opacity="0.000001"
              transform="translate(721.025207361327,0)"
            >
              <line
                stroke="currentColor"
                y2="-440"
              />
              <text
                dy="0.71em"
                fill="currentColor"
                y="3"
              />
            </g>
          </g>
          <g
            class="chart-io axis axis-bottom"
            fill="none"
            font-family="sans-serif"
            font-size="10"
            style="user-select: none; color: rgb(51, 51, 51); stroke-opacity: 0.8; stroke-width: 1;"
            text-anchor="middle"
          >
            <path
              class="domain"
              stroke="currentColor"
            />
            <g
              class="tick"
              opacity="0.000001"
              transform="translate(90.35646708138931,0)"
            >
              <line
                stroke="currentColor"
                y2="6"
              />
              <text
                dy="0.71em"
                fill="currentColor"
                y="9"
              />
            </g>
            <g
              class="tick"
              opacity="0.000001"
              transform="translate(195.37201918092276,0)"
            >
              <line
                stroke="currentColor"
                y2="6"
              />
              <text
                dy="0.71em"
                fill="currentColor"
                y="9"
              />
            </g>
            <g
              class="tick"
              opacity="0.000001"
              transform="translate(300.6752851218248,0)"
            >
              <line
                stroke="currentColor"
                y2="6"
              />
              <text
                dy="0.71em"
                fill="currentColor"
                y="9"
              />
            </g>
            <g
              class="tick"
              opacity="0.000001"
              transform="translate(405.69083722135815,0)"
            >
              <line
                stroke="currentColor"
                y2="6"
              />
              <text
                dy="0.71em"
                fill="currentColor"
                y="9"
              />
            </g>
            <g
              class="tick"
              opacity="0.000001"
              transform="translate(510.7063893208917,0)"
            >
              <line
                stroke="currentColor"
                y2="6"
              />
              <text
                dy="0.71em"
                fill="currentColor"
                y="9"
              />
            </g>
            <g
              class="tick"
              opacity="0.000001"
              transform="translate(615.7219414204251,0)"
            >
              <line
                stroke="currentColor"
                y2="6"
              />
              <text
                dy="0.71em"
                fill="currentColor"
                y="9"
              />
            </g>
            <g
              class="tick"
              opacity="0.000001"
              transform="translate(721.025207361327,0)"
            >
              <line
                stroke="currentColor"
                y2="6"
              />
              <text
                dy="0.71em"
                fill="currentColor"
                y="9"
              />
            </g>
          </g>
        </g>
      </g>
      <g
        class="g-axis"
      >
        <g
          transform="translate(30, 0)"
        >
          <g
            class="g-gridlines left"
            fill="none"
            font-family="sans-serif"
            font-size="10"
            style="color: rgb(211, 211, 211); stroke-opacity: 0.8; stroke-width: 1; pointer-events: none;"
            text-anchor="end"
          >
            <g
              class="tick"
              opacity="0.000001"
              transform="translate(0,470.5)"
            >
              <line
                stroke="currentColor"
                x2="740"
              />
              <text
                dy="0.32em"
                fill="currentColor"
                x="-3"
              />
            </g>
            <g
              class="tick"
              opacity="0.000001"
              transform="translate(0,426.5)"
            >
              <line
                stroke="currentColor"
                x2="740"
              />
              <text
                dy="0.32em"
                fill="currentColor"
                x="-3"
              />
            </g>
            <g
              class="tick"
              opacity="0.000001"
              transform="translate(0,382.5)"
            >
              <line
                stroke="currentColor"
                x2="740"
              />
              <text
                dy="0.32em"
                fill="currentColor"
                x="-3"
              />
            </g>
            <g
              class="tick"
              opacity="0.000001"
              transform="translate(0,338.5)"
            >
              <line
                stroke="currentColor"
                x2="740"
              />
              <text
                dy="0.32em"
                fill="currentColor"
                x="-3"
              />
            </g>
            <g
              class="tick"
              opacity="0.000001"
              transform="translate(0,294.5)"
            >
              <line
                stroke="currentColor"
                x2="740"
              />
              <text
                dy="0.32em"
                fill="currentColor"
                x="-3"
              />
            </g>
            <g
              class="tick"
              opacity="0.000001"
              transform="translate(0,250.5)"
            >
              <line
                stroke="currentColor"
                x2="740"
              />
              <text
                dy="0.32em"
                fill="currentColor"
                x="-3"
              />
            </g>
            <g
              class="tick"
              opacity="0.000001"
              transform="translate(0,206.5)"
            >
              <line
                stroke="currentColor"
                x2="740"
              />
              <text
                dy="0.32em"
                fill="currentColor"
                x="-3"
              />
            </g>
            <g
              class="tick"
              opacity="0.000001"
              transform="translate(0,162.50000000000003)"
            >
              <line
                stroke="currentColor"
                x2="740"
              />
              <text
                dy="0.32em"
                fill="currentColor"
                x="-3"
              />
            </g>
            <g
              class="tick"
              opacity="0.000001"
              transform="translate(0,118.49999999999999)"
            >
              <line
                stroke="currentColor"
                x2="740"
              />
              <text
                dy="0.32em"
                fill="currentColor"
                x="-3"
              />
            </g>
            <g
              class="tick"
              opacity="0.000001"
              transform="translate(0,74.5)"
            >
              <line
                stroke="currentColor"
                x2="740"
              />
              <text
                dy="0.32em"
                fill="currentColor"
                x="-3"
              />
            </g>
            <g
              class="tick"
              opacity="0.000001"
              transform="translate(0,30.5)"
            >
              <line
                stroke="currentColor"
                x2="740"
              />
              <text
                dy="0.32em"
                fill="currentColor"
                x="-3"
              />
            </g>
          </g>
          <g
            class="chart-io axis axis-left"
            fill="none"
            font-family="sans-serif"
            font-size="10"
            style="user-select: none; color: rgb(51, 51, 51); stroke-opacity: 0.8; stroke-width: 1;"
            text-anchor="end"
          >
            <path
              class="domain"
              stroke="currentColor"
            />
            <g
              class="tick"
              opacity="0.000001"
              transform="translate(0,470.5)"
            >
              <line
                stroke="currentColor"
                x2="-6"
              />
              <text
                dy="0.32em"
                fill="currentColor"
                x="-9"
              />
            </g>
            <g
              class="tick"
              opacity="0.000001"
              transform="translate(0,426.5)"
            >
              <line
                stroke="currentColor"
                x2="-6"
              />
              <text
                dy="0.32em"
                fill="currentColor"
                x="-9"
              />
            </g>
            <g
              class="tick"
              opacity="0.000001"
              transform="translate(0,382.5)"
            >
              <line
                stroke="currentColor"
                x2="-6"
              />
              <text
                dy="0.32em"
                fill="currentColor"
                x="-9"
              />
            </g>
            <g
              class="tick"
              opacity="0.000001"
              transform="translate(0,338.5)"
            >
              <line
                stroke="currentColor"
                x2="-6"
              />
              <text
                dy="0.32em"
                fill="currentColor"
                x="-9"
              />
            </g>
            <g
              class="tick"
              opacity="0.000001"
              transform="translate(0,294.5)"
            >
              <line
                stroke="currentColor"
                x2="-6"
              />
              <text
                dy="0.32em"
                fill="currentColor"
                x="-9"
              />
            </g>
            <g
              class="tick"
              opacity="0.000001"
              transform="translate(0,250.5)"
            >
              <line
                stroke="currentColor"
                x2="-6"
              />
              <text
                dy="0.32em"
                fill="currentColor"
                x="-9"
              />
            </g>
            <g
              class="tick"
              opacity="0.000001"
              transform="translate(0,206.5)"
            >
              <line
                stroke="currentColor"
                x2="-6"
              />
              <text
                dy="0.32em"
                fill="currentColor"
                x="-9"
              />
            </g>
            <g
              class="tick"
              opacity="0.000001"
              transform="translate(0,162.50000000000003)"
            >
              <line
                stroke="currentColor"
                x2="-6"
              />
              <text
                dy="0.32em"
                fill="currentColor"
                x="-9"
              />
            </g>
            <g
              class="tick"
              opacity="0.000001"
              transform="translate(0,118.49999999999999)"
            >
              <line
                stroke="currentColor"
                x2="-6"
              />
              <text
                dy="0.32em"
                fill="currentColor"
                x="-9"
              />
            </g>
            <g
              class="tick"
              opacity="0.000001"
              transform="translate(0,74.5)"
            >
              <line
                stroke="currentColor"
                x2="-6"
              />
              <text
                dy="0.32em"
                fill="currentColor"
                x="-9"
              />
            </g>
            <g
              class="tick"
              opacity="0.000001"
              transform="translate(0,30.5)"
            >
              <line
                stroke="currentColor"
                x2="-6"
              />
              <text
                dy="0.32em"
                fill="currentColor"
                x="-9"
              />
            </g>
          </g>
        </g>
      </g>
      <g
        class="g-plot scatter"
        clip-path="url(#clip-path-0000)"
      />
      <g
        class="g-plot scatter"
        clip-path="url(#clip-path-0000)"
      />
      <g
        class="g-markers"
      />
      <g
        class="g-droplines"
      />
      <g
        class="g-tooltip-overlay"
      />
      <g
        class="g-legend-overlay"
      >
        <foreignobject
          height="500"
          style="width: 100%; height: 100%; pointer-events: none;"
          width="800"
        >
          <div
            class="chart-io legend"
            style="border: thin solid #ccc; display: flex; flex-direction: column; flex-wrap: wrap; position: absolute; right: 10px; transform: translateY(-50%); top: 50%; max-width: 200px; max-height: 460px; padding: 8px; background: rgb(255, 255, 255); opacity: 1; overflow: hidden;"
          >
            <div
              class="chart-io legend-item"
              style="display: flex; flex-direction: row; user-select: none; pointer-events: none; color: rgb(0, 0, 0); font-size: 12px; font-family: sans-serif;"
            >
              <div
                class="chart-io indicator-circle"
                style="background: rgba(153, 193, 220, 0.7); width: 10px; height: 10px; margin-top: 4px; margin-left: 5px; margin-right: 5px; border-radius: 50%; flex-shrink: 0;"
              />
              <div
                class="chart-io legend-values"
                style="display: flex; flex-direction: row; justify-content: space-between; width: 100%; flex-grow: 1; flex-shrink: 1;"
              >
                <span
                  class="chart-io legend-series-name"
                  style="margin-right: 15px; white-space: nowrap; overflow: hidden; text-overflow: ellipsis; flex-grow: 1; flex-shrink: 1;"
                >
                  Total Cost
                </span>
              </div>
            </div>
            <div
              class="chart-io legend-item"
              style="display: flex; flex-direction: row; user-select: none; pointer-events: none; color: rgb(0, 0, 0); font-size: 12px; font-family: sans-serif;"
            >
              <div
                class="chart-io indicator-circle"
                style="background: rgba(252, 153, 142, 0.7); width: 10px; height: 10px; margin-top: 4px; margin-left: 5px; margin-right: 5px; border-radius: 50%; flex-shrink: 0;"
              />
              <div
                class="chart-io legend-values"
                style="display: flex; flex-direction: row; justify-content: space-between; width: 100%; flex-grow: 1; flex-shrink: 1;"
              >
                <span
                  class="chart-io legend-series-name"
                  style="margin-right: 15px; white-space: nowrap; overflow: hidden; text-overflow: ellipsis; flex-grow: 1; flex-shrink: 1;"
                >
                  Total Profit
                </span>
              </div>
            </div>
          </div>
        </foreignobject>
      </g>
    </svg>
  </div>
</DocumentFragment>
`;
