// Jest Snapshot v1, https://goo.gl/fbAQLP

exports[`Circle renders correctly 1`] = `
<DocumentFragment>
  <div
    class="chart-io indicator-circle"
    style="background: steelblue; width: 10px; height: 10px; margin-top: 4px; margin-left: 5px; margin-right: 5px; border-radius: 50%; flex-shrink: 0;"
  />
</DocumentFragment>
`;
