// Jest Snapshot v1, https://goo.gl/fbAQLP

exports[`Lines Multiple Series using SVG should render correctly 1`] = `
<DocumentFragment>
  <svg>
    <g
      class="g-plot line"
    >
      <path
        class="line"
        d="M0,100L20,75L40,50                                  "
        style="fill: none; pointer-events: none; stroke: rgb(153, 193, 220); stroke-width: 2px;"
      />
      <path
        class="line"
        d="M0,100L100,100"
        style="fill: none; pointer-events: none;"
      />
    </g>
    <g
      class="g-plot line"
    >
      <path
        class="line"
        d="M0,75L20,50L40,100                                  "
        style="fill: none; pointer-events: none; stroke: rgb(252, 153, 142); stroke-width: 2px;"
      />
      <path
        class="line"
        d="M0,100L100,100"
        style="fill: none; pointer-events: none;"
      />
    </g>
  </svg>
</DocumentFragment>
`;
