// Jest Snapshot v1, https://goo.gl/fbAQLP

exports[`Circle renders correctly 1`] = `
<DocumentFragment>
  <div
    class="chart-it indicator-circle"
    style="background: steelblue;"
  />
</DocumentFragment>
`;
