// Jest Snapshot v1, https://goo.gl/fbAQLP

exports[`XAxis renders correctly 1`] = `
<DocumentFragment>
  <svg>
    <g
      class="g-axis"
    >
      <g
        transform="translate(0, 100)"
      >
        <g
          class="g-gridlines bottom"
          fill="none"
          font-family="sans-serif"
          font-size="10"
          style="color: rgb(211, 211, 211); stroke-opacity: 0.8; stroke-width: 1; pointer-events: none;"
          text-anchor="middle"
        >
          <g
            class="tick"
            opacity="0.000001"
            transform="translate(0.5,0)"
          >
            <line
              stroke="currentColor"
              y2="-100"
            />
            <text
              dy="0.71em"
              fill="currentColor"
              y="3"
            />
          </g>
          <g
            class="tick"
            opacity="0.000001"
            transform="translate(20.5,0)"
          >
            <line
              stroke="currentColor"
              y2="-100"
            />
            <text
              dy="0.71em"
              fill="currentColor"
              y="3"
            />
          </g>
          <g
            class="tick"
            opacity="0.000001"
            transform="translate(40.5,0)"
          >
            <line
              stroke="currentColor"
              y2="-100"
            />
            <text
              dy="0.71em"
              fill="currentColor"
              y="3"
            />
          </g>
          <g
            class="tick"
            opacity="0.000001"
            transform="translate(60.5,0)"
          >
            <line
              stroke="currentColor"
              y2="-100"
            />
            <text
              dy="0.71em"
              fill="currentColor"
              y="3"
            />
          </g>
          <g
            class="tick"
            opacity="0.000001"
            transform="translate(80.5,0)"
          >
            <line
              stroke="currentColor"
              y2="-100"
            />
            <text
              dy="0.71em"
              fill="currentColor"
              y="3"
            />
          </g>
          <g
            class="tick"
            opacity="0.000001"
            transform="translate(100.5,0)"
          >
            <line
              stroke="currentColor"
              y2="-100"
            />
            <text
              dy="0.71em"
              fill="currentColor"
              y="3"
            />
          </g>
          <g
            class="tick"
            opacity="0.000001"
            transform="translate(120.5,0)"
          >
            <line
              stroke="currentColor"
              y2="-100"
            />
            <text
              dy="0.71em"
              fill="currentColor"
              y="3"
            />
          </g>
          <g
            class="tick"
            opacity="0.000001"
            transform="translate(140.5,0)"
          >
            <line
              stroke="currentColor"
              y2="-100"
            />
            <text
              dy="0.71em"
              fill="currentColor"
              y="3"
            />
          </g>
          <g
            class="tick"
            opacity="0.000001"
            transform="translate(160.5,0)"
          >
            <line
              stroke="currentColor"
              y2="-100"
            />
            <text
              dy="0.71em"
              fill="currentColor"
              y="3"
            />
          </g>
          <g
            class="tick"
            opacity="0.000001"
            transform="translate(180.5,0)"
          >
            <line
              stroke="currentColor"
              y2="-100"
            />
            <text
              dy="0.71em"
              fill="currentColor"
              y="3"
            />
          </g>
          <g
            class="tick"
            opacity="0.000001"
            transform="translate(200.5,0)"
          >
            <line
              stroke="currentColor"
              y2="-100"
            />
            <text
              dy="0.71em"
              fill="currentColor"
              y="3"
            />
          </g>
        </g>
        <g
          class="chart-it axis axis-bottom"
          fill="none"
          font-family="sans-serif"
          font-size="10"
          style="user-select: none; color: rgb(51, 51, 51); stroke-opacity: 0.8; stroke-width: 1;"
          text-anchor="middle"
        >
          <path
            class="domain"
            stroke="currentColor"
          />
          <g
            class="tick"
            opacity="0.000001"
            transform="translate(0.5,0)"
          >
            <line
              stroke="currentColor"
              y2="6"
            />
            <text
              dy="0.71em"
              fill="currentColor"
              y="9"
            />
          </g>
          <g
            class="tick"
            opacity="0.000001"
            transform="translate(20.5,0)"
          >
            <line
              stroke="currentColor"
              y2="6"
            />
            <text
              dy="0.71em"
              fill="currentColor"
              y="9"
            />
          </g>
          <g
            class="tick"
            opacity="0.000001"
            transform="translate(40.5,0)"
          >
            <line
              stroke="currentColor"
              y2="6"
            />
            <text
              dy="0.71em"
              fill="currentColor"
              y="9"
            />
          </g>
          <g
            class="tick"
            opacity="0.000001"
            transform="translate(60.5,0)"
          >
            <line
              stroke="currentColor"
              y2="6"
            />
            <text
              dy="0.71em"
              fill="currentColor"
              y="9"
            />
          </g>
          <g
            class="tick"
            opacity="0.000001"
            transform="translate(80.5,0)"
          >
            <line
              stroke="currentColor"
              y2="6"
            />
            <text
              dy="0.71em"
              fill="currentColor"
              y="9"
            />
          </g>
          <g
            class="tick"
            opacity="0.000001"
            transform="translate(100.5,0)"
          >
            <line
              stroke="currentColor"
              y2="6"
            />
            <text
              dy="0.71em"
              fill="currentColor"
              y="9"
            />
          </g>
          <g
            class="tick"
            opacity="0.000001"
            transform="translate(120.5,0)"
          >
            <line
              stroke="currentColor"
              y2="6"
            />
            <text
              dy="0.71em"
              fill="currentColor"
              y="9"
            />
          </g>
          <g
            class="tick"
            opacity="0.000001"
            transform="translate(140.5,0)"
          >
            <line
              stroke="currentColor"
              y2="6"
            />
            <text
              dy="0.71em"
              fill="currentColor"
              y="9"
            />
          </g>
          <g
            class="tick"
            opacity="0.000001"
            transform="translate(160.5,0)"
          >
            <line
              stroke="currentColor"
              y2="6"
            />
            <text
              dy="0.71em"
              fill="currentColor"
              y="9"
            />
          </g>
          <g
            class="tick"
            opacity="0.000001"
            transform="translate(180.5,0)"
          >
            <line
              stroke="currentColor"
              y2="6"
            />
            <text
              dy="0.71em"
              fill="currentColor"
              y="9"
            />
          </g>
          <g
            class="tick"
            opacity="0.000001"
            transform="translate(200.5,0)"
          >
            <line
              stroke="currentColor"
              y2="6"
            />
            <text
              dy="0.71em"
              fill="currentColor"
              y="9"
            />
          </g>
        </g>
      </g>
    </g>
  </svg>
</DocumentFragment>
`;
