// Jest Snapshot v1, https://goo.gl/fbAQLP

exports[`Droplines should render correctly 1`] = `
<DocumentFragment>
  <svg>
    <g
      class="g-droplines"
    >
      <line
        class="chart-it dropline"
        style="stroke: red;"
        x1="50"
        x2="50"
        y1="50"
        y2="50"
      />
      <line
        class="chart-it dropline"
        style="stroke: red;"
        x1="50"
        x2="50"
        y1="50"
        y2="50"
      />
    </g>
  </svg>
</DocumentFragment>
`;

exports[`Droplines should render just horizontal lines correctly 1`] = `
<DocumentFragment>
  <svg>
    <g
      class="g-droplines"
    >
      <line
        class="chart-it dropline"
        style="stroke: red;"
        x1="50"
        x2="50"
        y1="50"
        y2="50"
      />
    </g>
  </svg>
</DocumentFragment>
`;

exports[`Droplines should render just vertical lines correctly 1`] = `
<DocumentFragment>
  <svg>
    <g
      class="g-droplines"
    >
      <line
        class="chart-it dropline"
        style="stroke: red;"
        x1="50"
        x2="50"
        y1="50"
        y2="50"
      />
    </g>
  </svg>
</DocumentFragment>
`;

exports[`Droplines should skip if there is no layer avaliable 1`] = `
Object {
  "current": null,
}
`;
